// Vitest Snapshot v1

exports[`renders component 1`] = `
<button
  class="inline-flex items-center justify-center px-5 py-3 text-base font-medium leading-6 text-white dark:text-slate-900 transition duration-150 ease-in-out bg-emerald-600 border border-transparent rounded-md hover:bg-emerald-500 focus:outline-none"
  type="button"
>
   count is: 0
</button>
`;
